---
source: crates/via-terrain/tests/gates_snapshot.rs
assertion_line: 41
expression: gates
---
{
  "artifact_blake3": {
    "area_cells": "61db9d55e5aa15a7b0a3b86797990bc2380be9684227a5f8f0e3ed209062f1bc",
    "basin": "2c66fec9f3cfbeb1c17dbf7921bd50600da365ad86dcb249045de4bd07d7e17c",
    "discharge": "69baf5a7439853bedd6a35e1d866592b41ed03c995748574c0fbd88886cb1dbf",
    "heights_cm": "b032beb9101f3fd2de04dcd6252b17219ebb3f8b245e9f259aed40943dd28ce6",
    "karst_potential": "b151b9ea8d0113c36464d779652548b2bc7f53ca9a7e1dcb9d6877ad5aa53512",
    "lithology": "67a29cc36dd93cc41b3b48efaf4f6820b1c35813aa689329369cdb78f57ebf81",
    "precip": "c1e4fcb2dd44481885565c4b802d974e21bfde9db7afe65ade5198b766db7d53",
    "receivers": "9f760609be8bce596cb7b513c11301a6e115745480fc57c6b51ae24d4b826d78",
    "sediment": "812ede0f0f0cf75473ccece929728e7f7f532fe60c1e29fc87d432eaee0c7b2e",
    "strahler": "9f79459e0c2941c455211e96acf2d3af4f6cd4d954b8af073473ee15adb7cae5",
    "temperature": "1c319fd4b6bf2d55383e0cd6eb69b7ee20478b6e6429def67dcc4415a1aa2e31",
    "uplift": "4f97fb1e07b04d99608c0ebe7a32fa647987be1092e0d126fa46780b5ae73a5f",
    "water_depth": "b151b9ea8d0113c36464d779652548b2bc7f53ca9a7e1dcb9d6877ad5aa53512"
  },
  "drainage_completeness": {
    "advisory": false,
    "hi": 1.0,
    "lo": 1.0,
    "pass": true,
    "value": 1.0
  },
  "floodplain_slope_ratio": {
    "advisory": true,
    "hi": 1.0,
    "lo": 0.0,
    "pass": true,
    "value": 0.1141854093
  },
  "hack_exponent": {
    "advisory": false,
    "hi": 0.7,
    "lo": 0.45,
    "pass": false,
    "value": 0.4278463792
  },
  "hack_n_basins": 30,
  "hack_r2": 0.8345801912,
  "horton_bifurcation": null,
  "horton_length_ratio": null,
  "hypsometric_integral": {
    "advisory": true,
    "hi": 0.6,
    "lo": 0.35,
    "pass": false,
    "value": 0.2427736609
  },
  "interior_water_cells": 0,
  "lake_cells": 0,
  "lake_level_spread_m": {
    "advisory": false,
    "hi": 0.05,
    "lo": 0.0,
    "pass": true,
    "value": 0.0
  },
  "land_fraction": 0.1196289062,
  "max_elevation_m": 146.2085602,
  "overall_pass": false,
  "pit_cells": {
    "advisory": false,
    "hi": 0.0,
    "lo": 0.0,
    "pass": true,
    "value": 0.0
  },
  "pond_merge_m3": 591540.667,
  "rain_shadow_ratio": {
    "advisory": true,
    "hi": 100.0,
    "lo": 1.05,
    "pass": true,
    "value": 1.084188407
  },
  "relief_m": 146.2085602,
  "sediment_deposited_m3": 64575154.2,
  "sediment_detached_m3": 1580203943.0,
  "sediment_exported_m3": 1515628788.0,
  "sediment_mass_closure": {
    "advisory": false,
    "hi": 0.000000001,
    "lo": 0.0,
    "pass": true,
    "value": 0.0
  },
  "sediment_mean_land_m": 0.2527509738,
  "slope_area_flat_cells_excluded": 0,
  "slope_area_modal_unit": 0,
  "slope_area_n_cells": 26,
  "slope_area_r2": 0.7129829639,
  "slope_area_theta": {
    "advisory": false,
    "hi": 0.6,
    "lo": 0.4,
    "pass": false,
    "value": 0.3527919243
  },
  "spl_residual_median": {
    "advisory": false,
    "hi": 0.35,
    "lo": 0.0,
    "pass": true,
    "value": 0.2528037759
  },
  "unit_spl_consistency": null,
  "unit_spl_units": 1,
  "wind": [
    0,
    1
  ]
}
